com\talentconnect\model\Review.class
com\talentconnect\controller\HomeServlet.class
com\talentconnect\model\Notification.class
com\talentconnect\repository\BaseDAO.class
com\talentconnect\controller\ChatServlet.class
com\talentconnect\controller\RegisterServlet.class
com\talentconnect\util\DbUpdate.class
com\talentconnect\controller\NotificationServlet.class
com\talentconnect\model\Conversation.class
com\talentconnect\model\Profile.class
com\talentconnect\util\EmailUtil.class
com\talentconnect\controller\LoginServlet.class
com\talentconnect\model\Job.class
com\talentconnect\controller\LogoutServlet.class
com\talentconnect\controller\EmployerServlet.class
com\talentconnect\repository\UserDAO.class
com\talentconnect\model\User.class
com\talentconnect\controller\RankingServlet.class
com\talentconnect\controller\ForgotPasswordServlet.class
com\talentconnect\filter\AuthFilter.class
com\talentconnect\controller\ChatbotServlet.class
com\talentconnect\model\Message.class
com\talentconnect\util\EmailUtil$1.class
com\talentconnect\controller\CandidateServlet.class
com\talentconnect\util\DBContext.class
com\talentconnect\repository\ApplicationDAO.class
com\talentconnect\repository\NotificationDAO.class
com\talentconnect\model\Application.class
com\talentconnect\repository\MessageDAO.class
com\talentconnect\controller\AdminServlet.class
com\talentconnect\repository\ReviewDAO.class
com\talentconnect\repository\JobDAO.class
