C:\Users\DELL\Downloads\Website kết nối tài năng\src\main\java\com\talentconnect\controller\EmployerServlet.java
C:\Users\DELL\Downloads\Website kết nối tài năng\src\main\java\com\talentconnect\controller\ChatbotServlet.java
C:\Users\DELL\Downloads\Website kết nối tài năng\src\main\java\com\talentconnect\controller\LoginServlet.java
C:\Users\DELL\Downloads\Website kết nối tài năng\src\main\java\com\talentconnect\model\Application.java
C:\Users\DELL\Downloads\Website kết nối tài năng\src\main\java\com\talentconnect\util\DBContext.java
C:\Users\DELL\Downloads\Website kết nối tài năng\src\main\java\com\talentconnect\controller\NotificationServlet.java
C:\Users\DELL\Downloads\Website kết nối tài năng\src\main\java\com\talentconnect\util\DbUpdate.java
C:\Users\DELL\Downloads\Website kết nối tài năng\src\main\java\com\talentconnect\controller\ChatServlet.java
C:\Users\DELL\Downloads\Website kết nối tài năng\src\main\java\com\talentconnect\model\Message.java
C:\Users\DELL\Downloads\Website kết nối tài năng\src\main\java\com\talentconnect\model\Profile.java
C:\Users\DELL\Downloads\Website kết nối tài năng\src\main\java\com\talentconnect\repository\UserDAO.java
C:\Users\DELL\Downloads\Website kết nối tài năng\src\main\java\com\talentconnect\util\EmailUtil.java
C:\Users\DELL\Downloads\Website kết nối tài năng\src\main\java\com\talentconnect\model\Notification.java
C:\Users\DELL\Downloads\Website kết nối tài năng\src\main\java\com\talentconnect\controller\HomeServlet.java
C:\Users\DELL\Downloads\Website kết nối tài năng\src\main\java\com\talentconnect\filter\AuthFilter.java
C:\Users\DELL\Downloads\Website kết nối tài năng\src\main\java\com\talentconnect\repository\ReviewDAO.java
C:\Users\DELL\Downloads\Website kết nối tài năng\src\main\java\com\talentconnect\controller\AdminServlet.java
C:\Users\DELL\Downloads\Website kết nối tài năng\src\main\java\com\talentconnect\repository\MessageDAO.java
C:\Users\DELL\Downloads\Website kết nối tài năng\src\main\java\com\talentconnect\model\Review.java
C:\Users\DELL\Downloads\Website kết nối tài năng\src\main\java\com\talentconnect\model\Job.java
C:\Users\DELL\Downloads\Website kết nối tài năng\src\main\java\com\talentconnect\repository\NotificationDAO.java
C:\Users\DELL\Downloads\Website kết nối tài năng\src\main\java\com\talentconnect\controller\RegisterServlet.java
C:\Users\DELL\Downloads\Website kết nối tài năng\src\main\java\com\talentconnect\model\Conversation.java
C:\Users\DELL\Downloads\Website kết nối tài năng\src\main\java\com\talentconnect\controller\ForgotPasswordServlet.java
C:\Users\DELL\Downloads\Website kết nối tài năng\src\main\java\com\talentconnect\controller\LogoutServlet.java
C:\Users\DELL\Downloads\Website kết nối tài năng\src\main\java\com\talentconnect\repository\ApplicationDAO.java
C:\Users\DELL\Downloads\Website kết nối tài năng\src\main\java\com\talentconnect\controller\RankingServlet.java
C:\Users\DELL\Downloads\Website kết nối tài năng\src\main\java\com\talentconnect\repository\BaseDAO.java
C:\Users\DELL\Downloads\Website kết nối tài năng\src\main\java\com\talentconnect\repository\JobDAO.java
C:\Users\DELL\Downloads\Website kết nối tài năng\src\main\java\com\talentconnect\controller\CandidateServlet.java
C:\Users\DELL\Downloads\Website kết nối tài năng\src\main\java\com\talentconnect\model\User.java
